// Jest Snapshot v1, https://goo.gl/fbAQLP

exports[`NewTweetForm renders correctly 1`] = `
<form
  className="flex justify-between mt-3 md:mt-4 lg:mt-5 border border-superLightGray rounded-md overflow-hidden shadow-inner"
  onSubmit={[Function]}
>
  <input
    autoFocus={true}
    className="w-full px-2 py-1 md:py-2 outline-none placeholder:text-lightGray placeholder:italic placeholder:text-xs md:placeholder:text-sm lg:placeholder:text-base"
    onChange={[Function]}
    placeholder="Type a talk"
    required={true}
    type="text"
    value=""
  />
  <button
    className="text-xl md:text-2xl lg:text-3xl px-1 md:px-2 lg:px-3"
    type="submit"
  >
    <svg
      className="text-lightGray hover:text-slate500 hover:scale-105"
      fill="currentColor"
      height="1em"
      stroke="currentColor"
      strokeWidth="0"
      style={
        Object {
          "color": undefined,
        }
      }
      viewBox="0 0 24 24"
      width="1em"
      xmlns="http://www.w3.org/2000/svg"
    >
      <path
        d="M20 4H6c-1.103 0-2 .897-2 2v5h2V8l6.4 4.8a1.001 1.001 0 0 0 1.2 0L20 8v9h-8v2h8c1.103 0 2-.897 2-2V6c0-1.103-.897-2-2-2zm-7 6.75L6.666 6h12.668L13 10.75z"
      />
      <path
        d="M2 12h7v2H2zm2 3h6v2H4zm3 3h4v2H7z"
      />
    </svg>
  </button>
</form>
`;
