// Jest Snapshot v1, https://goo.gl/fbAQLP

exports[`Search renders correctly 1`] = `
<form
  onSubmit={[Function]}
>
  <div
    className="flex justify-between text-xs md:text-sm lg:text-base py-1 md:py-2 border border-superLightGray rounded-md shadow-inner"
  >
    <input
      className="outline-none placeholder:text-black pl-2 md:pl-3 lg:pl-4"
      onChange={[Function]}
      placeholder="Search..."
      type="text"
      value=""
    />
    <div
      className="flex items-center pr-1 md:pr-2 lg:pr-3"
    >
      <span
        className="text-xs md:text-sm lg:text-lg hover:scale-125 transition-all delay-150 duration-300 ease-in-out"
        onClick={[Function]}
        title="delete"
      >
        <svg
          fill="none"
          height="1em"
          stroke="currentColor"
          strokeWidth="0"
          style={
            Object {
              "color": undefined,
            }
          }
          viewBox="0 0 15 15"
          width="1em"
          xmlns="http://www.w3.org/2000/svg"
        >
          <path
            clipRule="evenodd"
            d="M11.7816 4.03157C12.0062 3.80702 12.0062 3.44295 11.7816 3.2184C11.5571 2.99385 11.193 2.99385 10.9685 3.2184L7.50005 6.68682L4.03164 3.2184C3.80708 2.99385 3.44301 2.99385 3.21846 3.2184C2.99391 3.44295 2.99391 3.80702 3.21846 4.03157L6.68688 7.49999L3.21846 10.9684C2.99391 11.193 2.99391 11.557 3.21846 11.7816C3.44301 12.0061 3.80708 12.0061 4.03164 11.7816L7.50005 8.31316L10.9685 11.7816C11.193 12.0061 11.5571 12.0061 11.7816 11.7816C12.0062 11.557 12.0062 11.193 11.7816 10.9684L8.31322 7.49999L11.7816 4.03157Z"
            fill="currentColor"
            fillRule="evenodd"
          />
        </svg>
      </span>
      <svg
        className="text-xs md:text-sm lg:text-lg text-lightGray"
        fill="none"
        height="1em"
        stroke="currentColor"
        strokeWidth="0"
        style={
          Object {
            "color": undefined,
          }
        }
        viewBox="0 0 15 15"
        width="1em"
        xmlns="http://www.w3.org/2000/svg"
      >
        <path
          clipRule="evenodd"
          d="M7.5 2C7.77614 2 8 2.22386 8 2.5L8 12.5C8 12.7761 7.77614 13 7.5 13C7.22386 13 7 12.7761 7 12.5L7 2.5C7 2.22386 7.22386 2 7.5 2Z"
          fill="currentColor"
          fillRule="evenodd"
        />
      </svg>
      <button
        className="hover:scale-125 transition-all delay-150 duration-300 ease-in-out"
      >
        <svg
          fill="currentColor"
          height="1em"
          stroke="currentColor"
          strokeWidth="0"
          style={
            Object {
              "color": undefined,
            }
          }
          viewBox="0 0 16 16"
          width="1em"
          xmlns="http://www.w3.org/2000/svg"
        >
          <path
            d="M11.742 10.344a6.5 6.5 0 1 0-1.397 1.398h-.001c.03.04.062.078.098.115l3.85 3.85a1 1 0 0 0 1.415-1.414l-3.85-3.85a1.007 1.007 0 0 0-.115-.1zM12 6.5a5.5 5.5 0 1 1-11 0 5.5 5.5 0 0 1 11 0z"
          />
        </svg>
      </button>
    </div>
  </div>
</form>
`;
