// Jest Snapshot v1, https://goo.gl/fbAQLP

exports[`SelectedTweet renders with tweets 1`] = `
<div
  className="basis-1/2 flex flex-col px-10 md:px-12 lg:pl-8 lg:pr-0"
>
  <button
    className="w-full my-2 py-1 text-xs md:text-sm lg:text-base border border-superLightGray rounded-md hover:bg-slate500 hover:text-white hover:border-0 transition-all delay-150 duration-300 ease-in-out"
    data-testid="allTalks"
    onClick={[Function]}
  >
    <div
      className="flex items-center"
    >
      <svg
        className="ml-3 md:ml-5 lg:ml-7 mr-2 md:mr-3 lg:mr-5"
        fill="currentColor"
        height="1em"
        stroke="currentColor"
        strokeWidth="0"
        style={
          Object {
            "color": undefined,
          }
        }
        viewBox="0 0 16 16"
        width="1em"
        xmlns="http://www.w3.org/2000/svg"
      >
        <path
          d="M4.646 1.646a.5.5 0 0 1 .708 0l6 6a.5.5 0 0 1 0 .708l-6 6a.5.5 0 0 1-.708-.708L10.293 8 4.646 2.354a.5.5 0 0 1 0-.708z"
          fillRule="evenodd"
        />
      </svg>
      <p>
        All Talks
      </p>
    </div>
  </button>
  <div
    className="flex-1 overflow-y-auto bg-talkBG bg-cover bg-no-repeat border border-superLightGray rounded-md overflow-hidden"
    data-testid="chatting-box"
    style={
      Object {
        "boxShadow": "7px 7px 5px 0px rgba(124,121,121,1)",
      }
    }
  >
    <ul
      className="h-96 p-1 md:p-2 lg:p-3"
    >
      <div
        className="flex justify-center items-end gap-2 text-base md:text-xl lg:text-2xl font-bold mt-20 md:mt-28 lg:mt-36"
      >
        <p>
          No talk yet...
        </p>
        <svg
          className="text-2xl md:text-4xl lg:text-5xl pb-2"
          fill="currentColor"
          height="1em"
          stroke="currentColor"
          strokeWidth="0"
          style={
            Object {
              "color": undefined,
            }
          }
          viewBox="0 0 512 512"
          width="1em"
          xmlns="http://www.w3.org/2000/svg"
        >
          <path
            d="M254.156 56.938c-64.144 0-122.393 19.17-165.03 50.718-42.64 31.547-69.845 76.01-69.845 125.5 0 49.492 27.207 93.952 69.845 125.5 6.388 4.727 13.13 9.164 20.188 13.313l-12.657 95.905 90.594-65.75c21.226 4.708 43.67 7.25 66.906 7.25 64.144 0 122.362-19.17 165-50.72C461.794 327.11 489 282.65 489 233.156c0-49.49-27.206-93.95-69.844-125.5-42.638-31.546-100.856-50.718-165-50.718zM157 274.438c12.69 0 23 10.276 23 22.968 0 12.69-10.31 23-23 23s-22.97-10.31-22.97-23 10.28-22.97 22.97-22.97zm96.844 0c12.69 0 22.97 10.276 22.97 22.968-.002 12.69-10.28 23-22.97 23s-23-10.31-23-23 10.31-22.97 23-22.97zm99.844 0c12.69 0 22.968 10.276 22.968 22.968 0 12.69-10.278 23-22.97 23-12.69 0-22.998-10.31-22.998-23s10.31-22.97 23-22.97z"
          />
        </svg>
      </div>
    </ul>
  </div>
</div>
`;
