// Jest Snapshot v1, https://goo.gl/fbAQLP

exports[`UserInConversation renders with data 1`] = `
<DocumentFragment>
  <section
    class="flex items-center"
  >
    <span
      class="w-6 h-6 md:w-7 md:h-7 lg:w-8 lg:h-8 text-sm md:text-base lg:text-lg text-center mr-1 md:mr-2 lg:mr-3 border border-darkGray rounded-full"
    />
    <ul />
  </section>
</DocumentFragment>
`;
