// Jest Snapshot v1, https://goo.gl/fbAQLP

exports[`ViewMore renders with button 1`] = `
<div>
  <button
    className="w-52 md:w-56 lg:w-60 py-1 md:py-2 lg:py-3 my-6 md:my-8 lg:my-10  text-xs md:text-sm lg:text-base font-semibold text-center text-white bg-brand rounded-3xl hover:scale-105 hover:shadow-xl transition-all delay-150 duration-300 ease-in-out"
    onClick={[Function]}
  >
    View More
  </button>
</div>
`;

exports[`ViewMore renders without button 1`] = `
<div>
  <div
    className="flex items-center gap-1 md:gap-2 lg:gap-3 my-6 md:my-8 lg:my-10 text-xs md:text-sm lg:text-base"
  >
    <svg
      fill="currentColor"
      height="1em"
      stroke="currentColor"
      strokeWidth="0"
      style={
        Object {
          "color": undefined,
        }
      }
      viewBox="0 0 16 16"
      width="1em"
      xmlns="http://www.w3.org/2000/svg"
    >
      <path
        d="M12.736 3.97a.733.733 0 0 1 1.047 0c.286.289.29.756.01 1.05L7.88 12.01a.733.733 0 0 1-1.065.02L3.217 8.384a.757.757 0 0 1 0-1.06.733.733 0 0 1 1.047 0l3.052 3.093 5.4-6.425a.247.247 0 0 1 .02-.022Z"
      />
    </svg>
    <p>
      No more drawings
    </p>
  </div>
</div>
`;
