// Jest Snapshot v1, https://goo.gl/fbAQLP

exports[`Home renders correctly 1`] = `
<section
  className="flex flex-col h-full"
>
  <div
    className="w-full fixed top-0 left-0 bg-white"
  />
  <div
    className="w-full flex-1 md:max-w-3xl lg:max-w-4xl mx-auto"
  />
</section>
`;
