// Jest Snapshot v1, https://goo.gl/fbAQLP

exports[`Not Found renders correctly 1`] = `
<h1>
  Page is not found! 😝
</h1>
`;
