// Jest Snapshot v1, https://goo.gl/fbAQLP

exports[`SearchedDrawings renders correctly 1`] = `
<section
  className="flex flex-col items-center"
>
  <ul
    className="w-full grid grid-cols-1 md:grid-cols-3 lg:grid-cols-4 gap-1 md:gap-2 lg:gap-3 mb-6 md:mb-8 lg:mb-10 px-3 md:px-0"
  />
  <div
    className="mt-8 md:mt-10 lg:mt-12 text-xs md:text-sm lg:text-base"
  >
    <svg
      className="text-lg md:text-base lg:text-xl mx-auto"
      fill="currentColor"
      height="1em"
      stroke="currentColor"
      strokeWidth="0"
      style={
        Object {
          "color": undefined,
        }
      }
      viewBox="0 0 1024 1024"
      width="1em"
      xmlns="http://www.w3.org/2000/svg"
    >
      <path
        d="M928 160H96c-17.7 0-32 14.3-32 32v640c0 17.7 14.3 32 32 32h832c17.7 0 32-14.3 32-32V192c0-17.7-14.3-32-32-32zm-40 632H136v-39.9l138.5-164.3 150.1 178L658.1 489 888 761.6V792zm0-129.8L664.2 396.8c-3.2-3.8-9-3.8-12.2 0L424.6 666.4l-144-170.7c-3.2-3.8-9-3.8-12.2 0L136 652.7V232h752v430.2zM304 456a88 88 0 1 0 0-176 88 88 0 0 0 0 176zm0-116c15.5 0 28 12.5 28 28s-12.5 28-28 28-28-12.5-28-28 12.5-28 28-28z"
      />
    </svg>
  </div>
</section>
`;
